{
    "INTEROP_RUN_METRICS - non-patterned flowcell - no plot, n/a occupancy": {
        "content": [
            [
                [
                    {
                        "id": "miseq"
                    },
                    "miseq.run_metrics.csv:md5,f87733b841f40b3cbe5b42937a4e1956"
                ]
            ],
            [
                [
                    {
                        "id": "miseq"
                    },
                    "miseq_run_metrics_mqc.tsv:md5,5fe05cea061efb7bb89a4d1fb27be642"
                ]
            ],
            [
                [
                    "INTEROP_RUN_METRICS",
                    "interop",
                    "1.9.0"
                ]
            ]
        ],
        "meta": {
            "nf-test": "0.9.3",
            "nextflow": "26.04.6"
        },
        "timestamp": "2026-10-09T15:10:49.762781"
    },
    "INTEROP_RUN_METRICS - patterned flowcell - metrics and tile plot": {
        "content": [
            [
                [
                    {
                        "id": "novaseq"
                    },
                    "novaseq.run_metrics.csv:md5,7f94cde3c506a71846f6b827e9177281"
                ]
            ],
            [
                [
                    {
                        "id": "novaseq"
                    },
                    "novaseq_run_metrics_mqc.tsv:md5,c81132c14e2f3681c92146184f914afc"
                ]
            ],
            [
                [
                    "INTEROP_RUN_METRICS",
                    "interop",
                    "1.9.0"
                ]
            ]
        ],
        "meta": {
            "nf-test": "0.9.3",
            "nextflow": "26.04.6"
        },
        "timestamp": "2026-10-09T15:10:44.591753"
    }
}